============================================
≡ƒº¬ Testing User Creation by Admin
============================================

≡ƒô¥ Step 1: Login sebagai Admin...
   NIK: 1234567890123456
   Password: 01011990
   Γ£à Login berhasil!
   User: Admin SEFILA
   Role: ADMIN

≡ƒô¥ Step 2: Membuat user baru (patient)...
   Data pasien:
   - NIK: 9876543210123456
   - Nama: Test Patient API
   - Tanggal Lahir: 1995-05-15
   - Email: testpatient@example.com
   - No. HP: 081234567890
node : 
At line:1 char:1
+ node 
test-create-user.js 
> test-output.txt 
2>&1; Get-Content 
test-out ...
+ ~~~~~~~~~~~~~~~~~~~
~~~~~~~~~~~~~~~~~~~~~
~~~~~~~
    + CategoryInfo   
           : NotSpe  
  cified: (:String   
 ) [], RemoteExce    
ption
    + FullyQualified 
   ErrorId : Native  
  CommandError
 
Γ¥î Test gagal!

Server responded 
with error:
Status: 400
Response:
{
  "success": false,
  "message": "NIK 
sudah terdaftar."
}
